E01  BHP Group
Pseudo consolidated statements (ZAR m unless stated)

INCOME STATEMENT
fiscal_year                                    FY2024    FY2025    FY2026 3yr_total
line_item                                                                          
Revenue - domestic collections                8,484.1   8,759.5   9,446.3  26,689.9
Revenue - cross-border trade receipts           471.0     429.7     516.9   1,417.6
Other operating income                           75.2      97.7      98.3     271.1
Total revenue                                 9,030.3   9,286.8  10,061.5  28,378.6
Cost of sales - domestic suppliers           -1,520.7  -1,582.4  -1,804.4  -4,907.5
Cost of sales - cross-border trade payments    -426.5    -511.4    -461.8  -1,399.7
Cost of sales and supplier payments          -1,947.3  -2,093.7  -2,266.2  -6,307.2
Gross profit proxy                            7,083.0   7,193.1   7,795.3  22,071.4
Employee costs                                   -3.1      -2.9      -2.7      -8.7
Other operating expenses                       -144.0    -118.0    -128.8    -390.8
EBITDA proxy                                  6,935.8   7,072.2   7,663.8  21,671.8
Taxation paid                                    -6.9      -8.3      -5.6     -20.8
Net cash earnings proxy                       6,928.9   7,063.9   7,658.2  21,651.0
Gross margin proxy                               0.78      0.77      0.77         -
EBITDA margin proxy                              0.77      0.76      0.76         -
Employee cost ratio                              0.00      0.00      0.00         -
Export revenue share                             0.05      0.05      0.05         -
Effective cash tax rate                          0.00      0.00      0.00         -
Revenue growth                                      -      0.03      0.08         -

CASH FLOW
fiscal_year                            FY2024    FY2025    FY2026  3yr_total
line_item                                                                   
Receipts from customers               9,030.3   9,286.8  10,061.5   28,378.6
Payments to suppliers                -2,091.3  -2,211.8  -2,395.0   -6,698.0
Payments to employees                    -3.1      -2.9      -2.7       -8.7
Taxation paid                            -6.9      -8.3      -5.6      -20.8
Net cash from operating activities    6,928.9   7,063.9   7,658.2   21,651.0
Intragroup sweeps received            2,214.3   2,412.6   2,808.1    7,435.0
Intragroup sweeps paid               -2,369.6  -2,371.6  -2,722.8   -7,464.1
Cross-border intragroup received        501.4     485.0     406.3    1,392.7
Cross-border intragroup paid           -465.2    -532.7    -470.9   -1,468.7
Net intragroup and financing flows     -119.1      -6.8      20.7     -105.1
Net movement in cash                  6,809.9   7,057.2   7,678.9   21,545.9
Memo - gross cash inflows            11,746.0  12,184.4  13,275.9   37,206.3
Memo - gross cash outflows           -4,936.1  -5,127.3  -5,597.0  -15,660.4
Memo - foreign currency gross flows   2,083.3   2,174.5   2,082.9    6,340.6
Operating cash conversion                0.77      0.76      0.76          -

CONTINGENT NOTE
fiscal_year                     FY2024   FY2025   FY2026 3yr_total
line_item                                                         
Letters of credit - notional     530.0    613.9    691.1   1,835.0
Guarantees - notional            335.2    439.0    510.6   1,284.8
Export collections - notional    339.0    225.8    242.8     807.6
Total trade finance notional   1,204.2  1,278.7  1,444.6   3,927.5
Of which export                  493.4    677.5    750.7   1,921.6
Of which import                  710.8    601.2    693.8   2,005.8
Open exposure at period end      569.6    569.2    739.4   1,878.2
Settled during period            564.7    637.1    619.3   1,821.2
Weighted average tenor (days)   103.79   103.44   105.99         -
Instrument count                418.00   418.00   471.00         -
Counterparty countries           11.00    11.00    11.00         -

--- Plausibility: 153 of 240 ratio observations outside range ---
line_item                status               
EBITDA margin proxy      above plausible range    15
                         below plausible range    15
Effective cash tax rate  above plausible range     1
                         below plausible range    46
Employee cost ratio      below plausible range    60
Gross margin proxy       above plausible range     7
                         below plausible range     9

--- Comparison to reported financials ---
entity_id             entity_name fiscal_year                      statement_line metric_type   proxy_value  revenue_coverage  scaled_proxy_value  reported_value      variance  variance_pct  variance_pp  implied_coverage  coverage_deviation  material                 direction                              source
      E01               BHP Group      FY2024                 EBITDA margin proxy       ratio  7.680669e-01      1.146410e+02        7.680669e-01    4.102196e-01 -3.578473e-01 -4.659065e-01   -35.784733               NaN                 NaN      True  over-represented in data OCR extract of published statements
      E01               BHP Group      FY2024                        EBITDA proxy      amount  6.935848e+09      1.146410e+02        7.951326e+11    4.246752e+11 -3.704574e+11 -4.659065e-01          NaN      6.122902e+01       -4.659065e-01      True  over-represented in data OCR extract of published statements
      E01               BHP Group      FY2024  Net cash from operating activities      amount  6.928936e+09      1.146410e+02        7.943402e+11    5.174334e+11 -2.769068e+11 -3.485998e-01          NaN      7.467718e+01       -3.485998e-01      True  over-represented in data OCR extract of published statements
      E01               BHP Group      FY2024                       Total revenue      amount  9.030266e+09      1.146410e+02        1.035239e+12    1.035239e+12  0.000000e+00  0.000000e+00          NaN      1.146410e+02        0.000000e+00     False                consistent OCR extract of published statements
      E01               BHP Group      FY2025                 EBITDA margin proxy       ratio  7.615321e-01      1.004612e+02        7.615321e-01    4.877687e-01 -2.737634e-01 -3.594903e-01   -27.376337               NaN                 NaN      True  over-represented in data OCR extract of published statements
      E01               BHP Group      FY2025                        EBITDA proxy      amount  7.072233e+09      1.004612e+02        7.104854e+11    4.550728e+11 -2.554126e+11 -3.594903e-01          NaN      6.434641e+01       -3.594903e-01      True  over-represented in data OCR extract of published statements
      E01               BHP Group      FY2025  Net cash from operating activities      amount  7.063943e+09      1.004612e+02        7.096525e+11    4.780230e+11 -2.316295e+11 -3.263985e-01          NaN      6.767085e+01       -3.263985e-01      True  over-represented in data OCR extract of published statements
      E01               BHP Group      FY2025                       Total revenue      amount  9.286849e+09      1.004612e+02        9.329684e+11    9.329684e+11  0.000000e+00  0.000000e+00          NaN      1.004612e+02        0.000000e+00     False                consistent OCR extract of published statements
      E02                Glencore      FY2024  Net cash from operating activities      amount  1.934145e+09               NaN                 NaN    2.052696e+11           NaN           NaN          NaN      1.061294e+02                 NaN     False                consistent OCR extract of published statements
      E02                Glencore      FY2025 Cost of sales and supplier payments      amount -8.946607e+08      1.497415e+03       -1.339679e+12   -4.082151e+12  2.742472e+12  2.047112e+00          NaN      4.562792e+03        2.047112e+00      True under-represented in data OCR extract of published statements
      E02                Glencore      FY2025                  Gross margin proxy       ratio  6.812703e-01      1.497415e+03        6.812703e-01    2.879486e-02 -6.524754e-01 -9.577336e-01   -65.247543               NaN                 NaN      True  over-represented in data OCR extract of published statements
      E02                Glencore      FY2025  Net cash from operating activities      amount  1.772029e+09      1.497415e+03        2.653463e+12    1.830010e+11 -2.470462e+12 -9.310331e-01          NaN      1.032720e+02       -9.310331e-01      True  over-represented in data OCR extract of published statements
      E02                Glencore      FY2025                       Total revenue      amount  2.806957e+09      1.497415e+03        4.203181e+12    4.203181e+12  0.000000e+00  0.000000e+00          NaN      1.497415e+03        0.000000e+00     False                consistent OCR extract of published statements
      E02                Glencore      FY2026 Cost of sales and supplier payments      amount -9.707756e+08      1.428590e+03       -1.386841e+12   -4.325929e+12  2.939088e+12  2.119269e+00          NaN      4.456157e+03        2.119269e+00      True under-represented in data OCR extract of published statements
      E02                Glencore      FY2026                  Gross margin proxy       ratio  6.870054e-01      1.428590e+03        6.870054e-01    2.368554e-02 -6.633198e-01 -9.655235e-01   -66.331981               NaN                 NaN      True  over-represented in data OCR extract of published statements
      E02                Glencore      FY2026  Net cash from operating activities      amount  2.004327e+09      1.428590e+03        2.863362e+12    1.009918e+11 -2.762370e+12 -9.647296e-01          NaN      5.038689e+01       -9.647296e-01      True  over-represented in data OCR extract of published statements
      E02                Glencore      FY2026                       Total revenue      amount  3.101573e+09      1.428590e+03        4.430876e+12    4.430876e+12  0.000000e+00  0.000000e+00          NaN      1.428590e+03        0.000000e+00     False                consistent OCR extract of published statements
      E03          Anglo American      FY2024                        EBITDA proxy      amount  4.671843e+09               NaN                 NaN    1.225554e+11           NaN           NaN          NaN      2.623277e+01                 NaN     False                consistent OCR extract of published statements
      E03          Anglo American      FY2024  Net cash from operating activities      amount  4.666707e+09               NaN                 NaN    1.208256e+11           NaN           NaN          NaN      2.589098e+01                 NaN     False                consistent OCR extract of published statements
      E03          Anglo American      FY2024                       Taxation paid      amount -5.136451e+06               NaN                 NaN   -3.721860e+10           NaN           NaN          NaN      7.245976e+03                 NaN     False                consistent OCR extract of published statements
      E03          Anglo American      FY2025                        EBITDA proxy      amount  3.890061e+09               NaN                 NaN    5.756660e+10           NaN           NaN          NaN      1.479838e+01                 NaN     False                consistent OCR extract of published statements
      E03          Anglo American      FY2025  Net cash from operating activities      amount  3.884885e+09               NaN                 NaN    1.012830e+11           NaN           NaN          NaN      2.607104e+01                 NaN     False                consistent OCR extract of published statements
      E03          Anglo American      FY2026  Net cash from operating activities      amount  3.511171e+09               NaN                 NaN    1.024417e+11           NaN           NaN          NaN      2.917594e+01                 NaN     False                consistent OCR extract of published statements
      E05             Gold Fields      FY2026 Cost of sales and supplier payments      amount -3.836697e+08      1.367086e+02       -5.245094e+10   -6.588632e+10  1.343538e+10  2.561513e-01          NaN      1.717266e+02        2.561513e-01      True under-represented in data OCR extract of published statements
      E05             Gold Fields      FY2026                  Gross margin proxy       ratio  6.651674e-01      1.367086e+02        6.651674e-01    5.793996e-01 -8.576779e-02 -1.289417e-01    -8.576779               NaN                 NaN      True  over-represented in data OCR extract of published statements
      E05             Gold Fields      FY2026                       Total revenue      amount  1.145855e+09      1.367086e+02        1.566483e+11    1.566483e+11  0.000000e+00  0.000000e+00          NaN      1.367086e+02        0.000000e+00     False                consistent OCR extract of published statements
      E06       Valterra Platinum      FY2025  Net cash from operating activities      amount  1.953597e+07               NaN                 NaN    3.214200e+10           NaN           NaN          NaN      1.645272e+03                 NaN     False                consistent OCR extract of published statements
      E06       Valterra Platinum      FY2025                       Taxation paid      amount -3.122983e+05               NaN                 NaN   -2.182000e+09           NaN           NaN          NaN      6.986909e+03                 NaN     False                consistent OCR extract of published statements
      E06       Valterra Platinum      FY2026  Net cash from operating activities      amount  3.190176e+07               NaN                 NaN    3.100000e+07           NaN           NaN          NaN      9.717333e-01                 NaN     False                consistent OCR extract of published statements
      E06       Valterra Platinum      FY2026                       Taxation paid      amount -7.162359e+05               NaN                 NaN    3.200000e+07           NaN           NaN          NaN      4.467802e+01                 NaN     False                consistent OCR extract of published statements
      E07        OUTsurance Group      FY2024                      Employee costs      amount -5.631360e+04               NaN                 NaN    6.700000e+08           NaN           NaN          NaN      1.189766e+04                 NaN     False                consistent OCR extract of published statements
      E07        OUTsurance Group      FY2025                      Employee costs      amount -5.714903e+04               NaN                 NaN    3.100000e+07           NaN           NaN          NaN      5.424414e+02                 NaN     False                consistent OCR extract of published statements
      E10         Bid Corporation      FY2024  Net cash from operating activities      amount  8.121636e+08      6.716171e+01        5.454629e+10    1.576852e+10 -3.877777e+10 -7.109149e-01          NaN      1.941545e+01       -7.109149e-01      True  over-represented in data OCR extract of published statements
      E10         Bid Corporation      FY2024                       Taxation paid      amount -2.083783e+07      6.716171e+01       -1.399504e+09    7.034532e+24  7.034532e+24  5.026447e+15          NaN      3.375847e+17        5.026447e+15      True under-represented in data OCR extract of published statements
      E10         Bid Corporation      FY2024                       Total revenue      amount  3.507820e+09      6.716171e+01        2.355912e+11    2.355912e+11  0.000000e+00  0.000000e+00          NaN      6.716171e+01        0.000000e+00     False                consistent OCR extract of published statements
      E10         Bid Corporation      FY2025  Net cash from operating activities      amount  7.847775e+08      9.826080e-07        7.711287e+02    4.400000e+03  3.628871e+03  4.705922e+00          NaN      5.606684e-06        4.705922e+00      True under-represented in data OCR extract of published statements
      E10         Bid Corporation      FY2025                       Taxation paid      amount -2.206220e+07      9.826080e-07       -2.167849e+01    6.232942e+24  6.232942e+24  2.875174e+23          NaN      2.825169e+17        2.875174e+23      True under-represented in data OCR extract of published statements
      E10         Bid Corporation      FY2025                       Total revenue      amount  4.172569e+09      9.826080e-07        4.100000e+03    4.100000e+03  0.000000e+00  0.000000e+00          NaN      9.826080e-07        0.000000e+00     False                consistent OCR extract of published statements
      E11         Pepkor Holdings      FY2024                      Employee costs      amount -1.119489e+07               NaN                 NaN    4.620000e+08           NaN           NaN          NaN      4.126881e+01                 NaN     False                consistent OCR extract of published statements
      E11         Pepkor Holdings      FY2024  Net cash from operating activities      amount  3.146738e+09               NaN                 NaN    1.192000e+10           NaN           NaN          NaN      3.788050e+00                 NaN     False                consistent OCR extract of published statements
      E11         Pepkor Holdings      FY2024                       Taxation paid      amount -3.353989e+07               NaN                 NaN   -1.181000e+09           NaN           NaN          NaN      3.521180e+01                 NaN     False                consistent OCR extract of published statements
      E11         Pepkor Holdings      FY2025                      Employee costs      amount -1.091842e+07               NaN                 NaN    2.400000e+07           NaN           NaN          NaN      2.198121e+00                 NaN     False                consistent OCR extract of published statements
      E11         Pepkor Holdings      FY2025  Net cash from operating activities      amount  3.130656e+09               NaN                 NaN    2.800000e+07           NaN           NaN          NaN      8.943812e-03                 NaN     False                consistent OCR extract of published statements
      E11         Pepkor Holdings      FY2025                       Taxation paid      amount -2.692208e+07               NaN                 NaN    6.300000e+06           NaN           NaN          NaN      2.340087e-01                 NaN     False                consistent OCR extract of published statements
      E11         Pepkor Holdings      FY2026                      Employee costs      amount -1.138345e+07               NaN                 NaN    4.330000e+08           NaN           NaN          NaN      3.803766e+01                 NaN     False                consistent OCR extract of published statements
      E11         Pepkor Holdings      FY2026  Net cash from operating activities      amount  2.997251e+09               NaN                 NaN    1.192000e+10           NaN           NaN          NaN      3.976977e+00                 NaN     False                consistent OCR extract of published statements
      E11         Pepkor Holdings      FY2026                       Taxation paid      amount -3.033269e+07               NaN                 NaN    6.300000e+06           NaN           NaN          NaN      2.076967e-01                 NaN     False                consistent OCR extract of published statements
      E12            Clicks Group      FY2024 Cost of sales and supplier payments      amount -2.997899e+08      1.253433e+02       -3.757664e+10   -3.230783e+10 -5.268813e+09 -1.402151e-01          NaN      1.077683e+02       -1.402151e-01      True  over-represented in data OCR extract of published statements
      E12            Clicks Group      FY2024                  Gross margin proxy       ratio  1.567281e-01      1.253433e+02        1.567281e-01    2.749676e-01  1.182395e-01  7.544240e-01    11.823946               NaN                 NaN      True under-represented in data OCR extract of published statements
      E12            Clicks Group      FY2024  Net cash from operating activities      amount  1.000633e+07      1.253433e+02        1.254227e+09    5.863647e+09  4.609420e+09  3.675110e+00          NaN      5.859936e+02        3.675110e+00      True under-represented in data OCR extract of published statements
      E12            Clicks Group      FY2024                       Taxation paid      amount -2.320855e+06      1.253433e+02       -2.909035e+08   -9.686710e+08  6.777675e+08  2.329870e+00          NaN      4.173768e+02        2.329870e+00      True under-represented in data OCR extract of published statements
      E12            Clicks Group      FY2024                       Total revenue      amount  3.555080e+08      1.253433e+02        4.456053e+10    4.456053e+10  0.000000e+00  0.000000e+00          NaN      1.253433e+02        0.000000e+00     False                consistent OCR extract of published statements
      E12            Clicks Group      FY2025 Cost of sales and supplier payments      amount -3.335359e+08      1.456673e+02       -4.858527e+10   -3.480522e+10 -1.378005e+10 -2.836261e-01          NaN      1.043522e+02       -2.836261e-01      True  over-represented in data OCR extract of published statements
      E12            Clicks Group      FY2025                  Gross margin proxy       ratio  5.047401e-04      1.456673e+02        5.047401e-04    2.839877e-01  2.834829e-01  5.616414e+02    28.348295               NaN                 NaN      True under-represented in data OCR extract of published statements
      E12            Clicks Group      FY2025  Net cash from operating activities      amount -5.453624e+07      1.456673e+02       -7.944145e+09    6.001230e+09 -1.942915e+09 -2.445719e-01          NaN      1.100411e+02       -2.445719e-01      True  over-represented in data OCR extract of published statements
      E12            Clicks Group      FY2025                       Taxation paid      amount -2.392496e+06      1.456673e+02       -3.485083e+08   -1.068149e+09  7.196407e+08  2.064917e+00          NaN      4.464581e+02        2.064917e+00      True under-represented in data OCR extract of published statements
      E12            Clicks Group      FY2025                       Total revenue      amount  3.337044e+08      1.456673e+02        4.860981e+10    4.860981e+10  0.000000e+00  0.000000e+00          NaN      1.456673e+02        0.000000e+00     False                consistent OCR extract of published statements
      E13         NEPI Rockcastle      FY2024  Net cash from operating activities      amount -1.046474e+07               NaN                 NaN    7.337920e+12           NaN           NaN          NaN      7.012039e+05                 NaN     False                consistent OCR extract of published statements
      E13         NEPI Rockcastle      FY2024                       Taxation paid      amount -3.811864e+05               NaN                 NaN   -6.052400e+11           NaN           NaN          NaN      1.587780e+06                 NaN     False                consistent OCR extract of published statements
      E13         NEPI Rockcastle      FY2025  Net cash from operating activities      amount -9.999657e+06               NaN                 NaN    8.453684e+12           NaN           NaN          NaN      8.453974e+05                 NaN     False                consistent OCR extract of published statements
      E13         NEPI Rockcastle      FY2025                       Taxation paid      amount -6.665686e+05               NaN                 NaN   -5.672812e+11           NaN           NaN          NaN      8.510470e+05                 NaN     False                consistent OCR extract of published statements
      E13         NEPI Rockcastle      FY2026  Net cash from operating activities      amount -2.036416e+07               NaN                 NaN    9.343109e+12           NaN           NaN          NaN      4.588017e+05                 NaN     False                consistent OCR extract of published statements
      E13         NEPI Rockcastle      FY2026                       Taxation paid      amount -3.979998e+05               NaN                 NaN   -6.941788e+11           NaN           NaN          NaN      1.744169e+06                 NaN     False                consistent OCR extract of published statements
      E14                  Prosus      FY2024  Net cash from operating activities      amount  1.466242e+08      1.115467e+02        1.635544e+10    1.114140e+10 -5.214039e+09 -3.187954e-01          NaN      7.598610e+01       -3.187954e-01      True  over-represented in data OCR extract of published statements
      E14                  Prosus      FY2024                       Taxation paid      amount -4.983961e+06      1.115467e+02       -5.559443e+08   -2.064600e+09  1.508656e+09  2.713682e+00          NaN      4.142488e+02        2.713682e+00      True under-represented in data OCR extract of published statements
      E14                  Prosus      FY2024                       Total revenue      amount  1.028825e+09      1.115467e+02        1.147620e+11    1.147620e+11  0.000000e+00  0.000000e+00          NaN      1.115467e+02        0.000000e+00     False                consistent OCR extract of published statements
      E14                  Prosus      FY2025  Net cash from operating activities      amount  1.542562e+08      2.174363e-01        3.354090e+07    3.494400e+10  3.491046e+10  1.040833e+03          NaN      2.265322e+02        1.040833e+03      True under-represented in data OCR extract of published statements
      E14                  Prosus      FY2025                       Taxation paid      amount -3.059307e+06      2.174363e-01       -6.652045e+05   -2.511600e+09  2.510935e+09  3.774681e+03          NaN      8.209702e+02        3.774681e+03      True under-represented in data OCR extract of published statements
      E14                  Prosus      FY2025                       Total revenue      amount  1.088135e+09      2.174363e-01        2.366000e+08    2.366000e+08  0.000000e+00  0.000000e+00          NaN      2.174363e-01        0.000000e+00     False                consistent OCR extract of published statements
      E14                  Prosus      FY2026  Net cash from operating activities      amount  7.711794e+07               NaN                 NaN    2.880110e+10           NaN           NaN          NaN      3.734682e+02                 NaN     False                consistent OCR extract of published statements
      E15                 Naspers      FY2024  Net cash from operating activities      amount  3.904517e+07               NaN                 NaN    1.440000e+08           NaN           NaN          NaN      3.688036e+00                 NaN     False                consistent OCR extract of published statements
      E15                 Naspers      FY2024                       Taxation paid      amount -2.063568e+06               NaN                 NaN   -1.440000e+08           NaN           NaN          NaN      6.978206e+01                 NaN     False                consistent OCR extract of published statements
      E15                 Naspers      FY2025  Net cash from operating activities      amount  1.446226e+08               NaN                 NaN    6.100000e+08           NaN           NaN          NaN      4.217876e+00                 NaN     False                consistent OCR extract of published statements
      E15                 Naspers      FY2025                       Taxation paid      amount -2.097355e+06               NaN                 NaN   -1.130000e+08           NaN           NaN          NaN      5.387738e+01                 NaN     False                consistent OCR extract of published statements
      E15                 Naspers      FY2026  Net cash from operating activities      amount  2.625303e+07               NaN                 NaN    5.190000e+08           NaN           NaN          NaN      1.976915e+01                 NaN     False                consistent OCR extract of published statements
      E15                 Naspers      FY2026                       Taxation paid      amount -3.954560e+06               NaN                 NaN   -2.520000e+08           NaN           NaN          NaN      6.372391e+01                 NaN     False                consistent OCR extract of published statements
      E16               MTN Group      FY2024                 Employee cost ratio       ratio  1.817078e-03      5.039893e+01        1.817078e-03    6.830396e-02  6.648688e-02  3.659000e+01     6.648688               NaN                 NaN      True under-represented in data OCR extract of published statements
      E16               MTN Group      FY2024                      Employee costs      amount -7.969931e+06      5.039893e+01       -4.016760e+08   -1.509900e+10  1.469732e+10  3.659000e+01          NaN      1.894496e+03        3.659000e+01      True under-represented in data OCR extract of published statements
      E16               MTN Group      FY2024  Net cash from operating activities      amount  7.525042e+08      5.039893e+01        3.792540e+10    9.312700e+10  5.520160e+10  1.455531e+00          NaN      1.237561e+02        1.455531e+00      True under-represented in data OCR extract of published statements
      E16               MTN Group      FY2024                       Taxation paid      amount -2.611238e+07      5.039893e+01       -1.316036e+09   -1.582400e+10  1.450796e+10  1.102399e+01          NaN      6.059961e+02        1.102399e+01      True under-represented in data OCR extract of published statements
      E16               MTN Group      FY2024                       Total revenue      amount  4.386125e+09      5.039893e+01        2.210560e+11    2.210560e+11  0.000000e+00  0.000000e+00          NaN      5.039893e+01        0.000000e+00     False                consistent OCR extract of published statements
      E16               MTN Group      FY2025                 Employee cost ratio       ratio  1.909900e-03      4.297255e+01        1.909900e-03    7.482407e-02  7.291417e-02  3.817696e+01     7.291417               NaN                 NaN      True under-represented in data OCR extract of published statements
      E16               MTN Group      FY2025                      Employee costs      amount -8.355640e+06      4.297255e+01       -3.590631e+08   -1.406700e+10  1.370794e+10  3.817696e+01          NaN      1.683534e+03        3.817696e+01      True under-represented in data OCR extract of published statements
      E16               MTN Group      FY2025  Net cash from operating activities      amount  5.906962e+08      4.297255e+01        2.538372e+10    7.050200e+10  4.511828e+10  1.777449e+00          NaN      1.193541e+02        1.777449e+00      True under-represented in data OCR extract of published statements
      E16               MTN Group      FY2025                       Taxation paid      amount -2.203078e+07      4.297255e+01       -9.467189e+08   -1.015200e+10  9.205281e+09  9.723352e+00          NaN      4.608098e+02        9.723352e+00      True under-represented in data OCR extract of published statements
      E16               MTN Group      FY2025                       Total revenue      amount  4.374909e+09      4.297255e+01        1.880010e+11    1.880010e+11  0.000000e+00  0.000000e+00          NaN      4.297255e+01        0.000000e+00     False                consistent OCR extract of published statements
      E16               MTN Group      FY2026                 Employee cost ratio       ratio  1.933545e-03      4.377300e+01        1.933545e-03    1.223398e-05 -1.921311e-03 -9.936728e-01    -0.192131               NaN                 NaN      True  over-represented in data OCR extract of published statements
      E16               MTN Group      FY2026                      Employee costs      amount -8.304398e+06      4.377300e+01       -3.635084e+08    2.300000e+06 -3.612084e+08 -9.936728e-01          NaN      2.769617e-01       -9.936728e-01      True  over-represented in data OCR extract of published statements
      E16               MTN Group      FY2026  Net cash from operating activities      amount  6.968141e+08      4.377300e+01        3.050164e+10    2.600000e+06 -3.049904e+10 -9.999148e-01          NaN      3.731268e-03       -9.999148e-01      True  over-represented in data OCR extract of published statements
      E16               MTN Group      FY2026                       Taxation paid      amount -2.335409e+07      4.377300e+01       -1.022279e+09    3.300000e+06 -1.018979e+09 -9.967719e-01          NaN      1.413029e-01       -9.967719e-01      True  over-represented in data OCR extract of published statements
      E16               MTN Group      FY2026                       Total revenue      amount  4.294908e+09      4.377300e+01        1.880010e+11    1.880010e+11  0.000000e+00  0.000000e+00          NaN      4.377300e+01        0.000000e+00     False                consistent OCR extract of published statements
      E17           Vodacom Group      FY2024 Cost of sales and supplier payments      amount -7.981380e+08      1.610814e+02       -1.285652e+11   -5.770000e+10 -7.086517e+10 -5.512004e-01          NaN      7.229326e+01       -5.512004e-01      True  over-represented in data OCR extract of published statements
      E17           Vodacom Group      FY2024                 EBITDA margin proxy       ratio -5.586922e-03      1.610814e+02       -5.586922e-03    3.859583e-01  3.915452e-01  7.008245e+01    39.154519               NaN                 NaN      True under-represented in data OCR extract of published statements
      E17           Vodacom Group      FY2024                        EBITDA proxy      amount -5.223180e+06      1.610814e+02       -8.413570e+08    5.812300e+10  5.728164e+10  6.808245e+01          NaN      1.112790e+04        6.808245e+01      True under-represented in data OCR extract of published statements
      E17           Vodacom Group      FY2024                 Employee cost ratio       ratio  5.247121e-05      1.610814e+02        5.247121e-05    6.730680e-02  6.725433e-02  1.281738e+03     6.725433               NaN                 NaN      True under-represented in data OCR extract of published statements
      E17           Vodacom Group      FY2024                      Employee costs      amount -4.905502e+04      1.610814e+02       -7.901850e+06   -1.013600e+10  1.012810e+10  1.281738e+03          NaN      2.066251e+05        1.281738e+03      True under-represented in data OCR extract of published statements
      E17           Vodacom Group      FY2024                  Gross margin proxy       ratio  1.462796e-01      1.610814e+02        1.462796e-01    6.168506e-01  4.705710e-01  3.216928e+00    47.057100               NaN                 NaN      True under-represented in data OCR extract of published statements
      E17           Vodacom Group      FY2024  Net cash from operating activities      amount -6.747543e+06      1.610814e+02       -1.086904e+09    5.712300e+10  5.603610e+10  5.155572e+01          NaN      8.465748e+03        5.155572e+01      True under-represented in data OCR extract of published statements
      E17           Vodacom Group      FY2024                       Taxation paid      amount -1.524364e+06      1.610814e+02       -2.455466e+08   -8.112000e+09  7.866453e+09  3.203650e+01          NaN      5.321565e+03        3.203650e+01      True under-represented in data OCR extract of published statements
      E17           Vodacom Group      FY2024                       Total revenue      amount  9.348939e+08      1.610814e+02        1.505940e+11    1.505940e+11  0.000000e+00  0.000000e+00          NaN      1.610814e+02        0.000000e+00     False                consistent OCR extract of published statements
      E17           Vodacom Group      FY2025 Cost of sales and supplier payments      amount -8.086045e+08      1.509352e+02       -1.220469e+11   -5.934000e+10 -6.270688e+10 -5.137934e-01          NaN      7.338569e+01       -5.137934e-01      True  over-represented in data OCR extract of published statements
      E17           Vodacom Group      FY2025                 EBITDA margin proxy       ratio  5.812701e-02      1.509352e+02        5.812701e-02    3.792034e-01  3.210764e-01  5.523705e+00    32.107642               NaN                 NaN      True under-represented in data OCR extract of published statements
      E17           Vodacom Group      FY2025                        EBITDA proxy      amount  5.862449e+07      1.509352e+02        8.848500e+09    5.772500e+10  4.887650e+10  5.523705e+00          NaN      9.846567e+02        5.523705e+00      True under-represented in data OCR extract of published statements
      E17           Vodacom Group      FY2025                 Employee cost ratio       ratio  3.477459e-05      1.509352e+02        3.477459e-05    6.854894e-02  6.851417e-02  1.970237e+03     6.851417               NaN                 NaN      True under-represented in data OCR extract of published statements
      E17           Vodacom Group      FY2025                      Employee costs      amount -3.507221e+04      1.509352e+02       -5.293631e+06   -1.043500e+10  1.042971e+10  1.970237e+03          NaN      2.975290e+05        1.970237e+03      True under-represented in data OCR extract of published statements
      E17           Vodacom Group      FY2025                  Gross margin proxy       ratio  1.982573e-01      1.509352e+02        1.982573e-01    6.101874e-01  4.119301e-01  2.077755e+00    41.193011               NaN                 NaN      True under-represented in data OCR extract of published statements
      E17           Vodacom Group      FY2025  Net cash from operating activities      amount  5.508604e+07      1.509352e+02        8.314423e+09    6.086500e+10  5.255058e+10  6.320412e+00          NaN      1.104908e+03        6.320412e+00      True under-represented in data OCR extract of published statements
      E17           Vodacom Group      FY2025                       Taxation paid      amount -3.538449e+06      1.509352e+02       -5.340766e+08   -8.066000e+09  7.531923e+09  1.410270e+01          NaN      2.279530e+03        1.410270e+01      True under-represented in data OCR extract of published statements
      E17           Vodacom Group      FY2025                       Total revenue      amount  1.008559e+09      1.509352e+02        1.522270e+11    1.522270e+11  0.000000e+00  0.000000e+00          NaN      1.509352e+02        0.000000e+00     False                consistent OCR extract of published statements
      E17           Vodacom Group      FY2026 Cost of sales and supplier payments      amount -7.407540e+08               NaN                 NaN   -6.426200e+10           NaN           NaN          NaN      8.675215e+01                 NaN     False                consistent OCR extract of published statements
      E17           Vodacom Group      FY2026                        EBITDA proxy      amount -5.211919e+07               NaN                 NaN    6.839300e+10           NaN           NaN          NaN      1.312242e+03                 NaN     False                consistent OCR extract of published statements
      E17           Vodacom Group      FY2026                      Employee costs      amount -1.700588e+04               NaN                 NaN   -1.108200e+10           NaN           NaN          NaN      6.516570e+05                 NaN     False                consistent OCR extract of published statements
      E17           Vodacom Group      FY2026  Net cash from operating activities      amount -5.494054e+07               NaN                 NaN    6.583700e+10           NaN           NaN          NaN      1.198332e+03                 NaN     False                consistent OCR extract of published statements
      E17           Vodacom Group      FY2026                       Taxation paid      amount -2.821355e+06               NaN                 NaN   -9.818000e+09           NaN           NaN          NaN      3.479889e+03                 NaN     False                consistent OCR extract of published statements
      E18       The Bidvest Group      FY2024  Net cash from operating activities      amount  2.360628e+08      8.524150e+01        2.012235e+10    1.461594e+10 -5.506414e+09 -2.736467e-01          NaN      6.191545e+01       -2.736467e-01      True  over-represented in data OCR extract of published statements
      E18       The Bidvest Group      FY2024                       Taxation paid      amount -9.340612e+06      8.524150e+01       -7.962078e+08   -2.487162e+09  1.690954e+09  2.123760e+00          NaN      2.662740e+02        2.123760e+00      True under-represented in data OCR extract of published statements
      E18       The Bidvest Group      FY2024                       Total revenue      amount  1.485255e+09      8.524150e+01        1.266054e+11    1.266054e+11  0.000000e+00  0.000000e+00          NaN      8.524150e+01        0.000000e+00     False                consistent OCR extract of published statements
      E18       The Bidvest Group      FY2025  Net cash from operating activities      amount  2.988282e+08      3.291255e-06        9.835198e+02    5.800000e+03  4.816480e+03  4.897187e+00          NaN      1.940914e-05        4.897187e+00      True under-represented in data OCR extract of published statements
      E18       The Bidvest Group      FY2025                       Taxation paid      amount -9.383358e+06      3.291255e-06       -3.088302e+01    6.200000e+03  6.169117e+03  1.997576e+02          NaN      6.607443e-04        1.997576e+02      True under-represented in data OCR extract of published statements
      E18       The Bidvest Group      FY2025                       Total revenue      amount  1.549561e+09      3.291255e-06        5.100000e+03    5.100000e+03  0.000000e+00  0.000000e+00          NaN      3.291255e-06        0.000000e+00     False                consistent OCR extract of published statements
      E19        Aspen Pharmacare      FY2024 Cost of sales and supplier payments      amount -8.365946e+08      3.658864e+01       -3.060986e+10   -2.423400e+10 -6.375859e+09 -2.082943e-01          NaN      2.896744e+01       -2.082943e-01      True  over-represented in data OCR extract of published statements
      E19        Aspen Pharmacare      FY2024                  Gross margin proxy       ratio  2.941019e-01      3.658864e+01        2.941019e-01    4.411365e-01  1.470346e-01  4.999443e-01    14.703455               NaN                 NaN      True under-represented in data OCR extract of published statements
      E19        Aspen Pharmacare      FY2024  Net cash from operating activities      amount  2.705170e+08      3.658864e+01        9.897851e+09    9.725000e+09 -1.728512e+08 -1.746351e-02          NaN      3.594968e+01       -1.746351e-02     False                consistent OCR extract of published statements
      E19        Aspen Pharmacare      FY2024                       Taxation paid      amount -7.266509e+06      3.658864e+01       -2.658717e+08   -2.149000e+09  1.883128e+09  7.082847e+00          NaN      2.957404e+02        7.082847e+00      True under-represented in data OCR extract of published statements
      E19        Aspen Pharmacare      FY2024                       Total revenue      amount  1.185149e+09      3.658864e+01        4.336300e+10    4.336300e+10  0.000000e+00  0.000000e+00          NaN      3.658864e+01        0.000000e+00     False                consistent OCR extract of published statements
      E19        Aspen Pharmacare      FY2025 Cost of sales and supplier payments      amount -8.433722e+08      1.671139e-02       -1.409392e+07    2.100000e+07  6.906077e+06  4.900039e-01          NaN      2.490004e-02        4.900039e-01      True under-represented in data OCR extract of published statements
      E19        Aspen Pharmacare      FY2025                  Gross margin proxy       ratio  2.582146e-01      1.671139e-02        2.582146e-01   -1.052632e-01 -3.634777e-01 -1.407658e+00   -36.347773               NaN                 NaN      True  over-represented in data OCR extract of published statements
      E19        Aspen Pharmacare      FY2025  Net cash from operating activities      amount  1.932584e+08      1.671139e-02        3.229616e+06    8.461000e+09  8.457770e+09  2.618816e+03          NaN      4.378077e+01        2.618816e+03      True under-represented in data OCR extract of published statements
      E19        Aspen Pharmacare      FY2025                       Taxation paid      amount -6.812235e+06      1.671139e-02       -1.138419e+05   -1.757000e+09  1.756886e+09  1.543268e+04          NaN      2.579183e+02        1.543268e+04      True under-represented in data OCR extract of published statements
      E19        Aspen Pharmacare      FY2025                       Total revenue      amount  1.136949e+09      1.671139e-02        1.900000e+07    1.900000e+07  0.000000e+00  0.000000e+00          NaN      1.671139e-02        0.000000e+00     False                consistent OCR extract of published statements
      E20 Shaftesbury Capital plc      FY2024  Net cash from operating activities      amount -1.156557e+07      9.674779e+01       -1.118944e+09    6.973200e+08 -4.216237e+08 -3.768051e-01          NaN      6.029273e+01       -3.768051e-01      True  over-represented in data OCR extract of published statements
      E20 Shaftesbury Capital plc      FY2024                       Total revenue      amount  4.718805e+07      9.674779e+01        4.565340e+09    4.565340e+09  0.000000e+00  0.000000e+00          NaN      9.674779e+01        0.000000e+00     False                consistent OCR extract of published statements
      E20 Shaftesbury Capital plc      FY2025  Net cash from operating activities      amount -8.849094e+06      8.463647e+01       -7.489561e+08    2.554450e+09  1.805494e+09  2.410681e+00          NaN      2.886680e+02        2.410681e+00      True under-represented in data OCR extract of published statements
      E20 Shaftesbury Capital plc      FY2025                       Total revenue      amount  6.305615e+07      8.463647e+01        5.336850e+09    5.336850e+09  0.000000e+00  0.000000e+00          NaN      8.463647e+01        0.000000e+00     False                consistent OCR extract of published statements
      E20 Shaftesbury Capital plc      FY2026  Net cash from operating activities      amount  7.089135e+06      9.157819e+01        6.492101e+08    3.884920e+09  3.235710e+09  4.984072e+00          NaN      5.480105e+02        4.984072e+00      True under-represented in data OCR extract of published statements
      E20 Shaftesbury Capital plc      FY2026                       Total revenue      amount  6.286966e+07      9.157819e+01        5.757490e+09    5.757490e+09  0.000000e+00  0.000000e+00          NaN      9.157819e+01        0.000000e+00     False                consistent OCR extract of published statements

Material discrepancies: 72 of 136

Wrote statements to /Users/pots/Desktop/3_Masters_Work/011_StdBank_Hackathon/outputs/statements
Key real financials into /Users/pots/Desktop/3_Masters_Work/011_StdBank_Hackathon/benchmarks/reported_financials_template.csv, then rerun with --compare
