[1/39] Anglo American mining - 22&23.pdf
    247 values from 4 pages
[2/39] Anglo American mining - 24&25.pdf
    249 values from 5 pages
[3/39] AngloGold Ashanti - 23-25.pdf
    155 values from 5 pages
[4/39] Aspen Pharmacare - 22&23.pdf
    204 values from 4 pages
[5/39] Aspen Pharmacare - 24&25.pdf
    234 values from 4 pages
[6/39] BHB group mining - 23-25.pdf
    332 values from 4 pages
[7/39] Bid Corporation - 22&23.pdf
    234 values from 3 pages
[8/39] Bid Corporation - 24&25.pdf
    239 values from 3 pages
[9/39] Clicks group - 23&24.pdf
    228 values from 3 pages
[10/39] Clicks group - 25&26(interim).pdf
    215 values from 4 pages
[11/39] Glencore mining - 22&23.pdf
    386 values from 5 pages
[12/39] Glencore mining - 24&25.pdf
    419 values from 6 pages
[13/39] Gold Fields mining - 23-25.pdf
    220 values from 4 pages
[14/39] MTN Group - 23&24.pdf
    416 values from 5 pages
[15/39] MTN Group - 24&25.pdf
    376 values from 5 pages
[16/39] NEPI Rockcastle - 23&24 (1).pdf
    292 values from 4 pages
[17/39] NEPI Rockcastle - 23&24.pdf
    292 values from 4 pages
[18/39] NEPI Rockcastle - 24&25.pdf
    302 values from 4 pages
[19/39] Naspers - 24&25.pdf
    436 values from 6 pages
[20/39] Naspers - 25&26.pdf
    FAILED: sequence item 7: expected str instance, NoneType found
[21/39] Outsurance group - 23-24.pdf
    263 values from 4 pages
[22/39] Outsurance group - 24&25.pdf
    180 values from 4 pages
[23/39] Pepkor Holdings - 23&24.pdf
    286 values from 5 pages
[24/39] Pepkor Holdings - 24&25.pdf
    262 values from 5 pages
[25/39] Pepkor Holdings - 25&26(interim).pdf
    216 values from 5 pages
[26/39] Prosus - 24&25.pdf
    312 values from 5 pages
[27/39] Prosus - 25&26.pdf
    230 values from 5 pages
[28/39] Sanlam 23&24.pdf
    528 values from 4 pages
[29/39] Shaftesbury Capital plc - 23&24.pdf
    121 values from 2 pages
[30/39] Shaftesbury Capital plc - 24&25.pdf
    166 values from 4 pages
[31/39] Shaftesbury Capital plc - 25&26(interim)(both-6months).pdf
    177 values from 5 pages
[32/39] Shopright - 23&24.pdf
    149 values from 4 pages
[33/39] Shopright Holdings - 24&25.pdf
    128 values from 2 pages
[34/39] The Bidvest Group - 23&24.pdf
    387 values from 5 pages
[35/39] The Bidvest Group - 24&25.pdf
    418 values from 5 pages
[36/39] Valterra Platinum mining - 24&25.pdf
    191 values from 4 pages
[37/39] Valterra Platinum mining - 25&26(interim).pdf
    220 values from 4 pages
[38/39] Vodacom Group - 24&25.pdf
    172 values from 5 pages
[39/39] Vodacom Group - 25&26.pdf
    289 values from 5 pages

10171 values -> /Users/pots/Desktop/3_Masters_Work/011_StdBank_Hackathon/outputs/extracted/extracted_lines.csv
